// Jest Snapshot v1, https://goo.gl/fbAQLP

exports[`Login Page renders correctly 1`] = `
<h2
  class="text-3xl font-semibold md:text-3xl text-black text-center mb-5"
>
  Login
</h2>
`;

exports[`Login Page renders correctly 2`] = `
<input
  class="rounded-md px-4 py-2 border block w-full focus:border-primary-400"
  name="email"
  placeholder="Masukkan email"
  type="email"
/>
`;
